Flash_F405.c:31:20:FLASH_Unlock	4	static
Flash_F405.c:37:20:FLASH_Lock	4	static
Flash_F405.c:43:6:FLASH_WaitBusy	4	static
Flash_F405.c:48:6:FLASH_Erease7	8	static
Flash_F405.c:63:6:FLASH_Erease9	8	static
Flash_F405.c:78:6:FLASH_Erease10	8	static
Flash_F405.c:93:6:FLASH_Erease11	8	static
Flash_F405.c:108:6:FLASH_EreaseSector	40	static
Flash_F405.c:122:6:FLASH_Write_HalfWord	16	static
Flash_F405.c:140:6:FLASH_Write_Word	16	static
Flash_F405.c:158:6:FLASH_Write_Word_S	16	static
Flash_F405.c:176:6:FLASH_Write_Word_F	16	static
Flash_F405.c:195:6:FLASH_Write_DoubleWord	32	static
Flash_F405.c:235:6:FLASH_ReadData	24	static
