Flash_F405.c:31:20:FLASH_Unlock	4	static
Flash_F405.c:37:20:FLASH_Lock	4	static
Flash_F405.c:43:6:FLASH_WaitBusy	4	static
Flash_F405.c:48:6:FLASH_Erease7	8	static
Flash_F405.c:63:6:FLASH_Erease8	8	static
Flash_F405.c:77:6:FLASH_Erease9	8	static
Flash_F405.c:92:6:FLASH_Erease10	8	static
Flash_F405.c:107:6:FLASH_Erease11	8	static
Flash_F405.c:122:6:FLASH_EreaseSector	40	static
Flash_F405.c:136:6:FLASH_Write_HalfWord	16	static
Flash_F405.c:154:6:FLASH_Write_Word	16	static
Flash_F405.c:172:6:FLASH_Write_Word_S	16	static
Flash_F405.c:190:6:FLASH_Write_Word_F	16	static
Flash_F405.c:209:6:FLASH_Write_DoubleWord	32	static
Flash_F405.c:249:6:FLASH_ReadData	24	static
