main.c:167:1:__io_putchar	16	static
main.c:171:6:HAL_ADC_ConvCpltCallback	16	static
main.c:176:6:init	88	static
main.c:224:5:log_Speed	24	static
main.c:237:6:log_Cal	40	static
main.c:261:6:sidemaker	8	static
main.c:274:6:driv_Log	16	static
main.c:282:6:driv_log	16	static
main.c:312:6:angle_Control	40	static
main.c:325:5:mode	24	static
main.c:465:6:HAL_TIM_PeriodElapsedCallback	16	static
main.c:482:5:main	8	static
main.c:560:6:SystemClock_Config	88	static
main.c:604:13:MX_ADC1_Init	24	static
main.c:750:13:MX_I2C1_Init	8	static
main.c:784:13:MX_SPI3_Init	8	static
main.c:822:13:MX_TIM1_Init	56	static
main.c:872:13:MX_TIM3_Init	56	static
main.c:921:13:MX_TIM4_Init	48	static
main.c:970:13:MX_TIM6_Init	16	static
main.c:1008:13:MX_TIM7_Init	16	static
main.c:1046:13:MX_TIM8_Init	80	static
main.c:1110:13:MX_USART6_UART_Init	8	static
main.c:1141:13:MX_DMA_Init	16	static
main.c:1159:13:MX_GPIO_Init	48	static
main.c:1228:6:Error_Handler	4	static,ignoring_inline_asm
