main.c:167:1:__io_putchar	16	static
main.c:171:6:HAL_ADC_ConvCpltCallback	16	static
main.c:176:6:init	88	static
main.c:224:5:log_Speed	24	static
main.c:240:6:log_Cal	56	static
main.c:288:6:sidemaker	8	static
main.c:301:6:driv_Log	16	static
main.c:309:6:driv_log	16	static
main.c:339:6:angle_Control	40	static
main.c:352:5:mode	24	static
main.c:492:6:HAL_TIM_PeriodElapsedCallback	16	static
main.c:509:5:main	8	static
main.c:587:6:SystemClock_Config	88	static
main.c:631:13:MX_ADC1_Init	24	static
main.c:777:13:MX_I2C1_Init	8	static
main.c:811:13:MX_SPI3_Init	8	static
main.c:849:13:MX_TIM1_Init	56	static
main.c:899:13:MX_TIM3_Init	56	static
main.c:948:13:MX_TIM4_Init	48	static
main.c:997:13:MX_TIM6_Init	16	static
main.c:1035:13:MX_TIM7_Init	16	static
main.c:1073:13:MX_TIM8_Init	80	static
main.c:1137:13:MX_USART6_UART_Init	8	static
main.c:1168:13:MX_DMA_Init	16	static
main.c:1186:13:MX_GPIO_Init	48	static
main.c:1255:6:Error_Handler	4	static,ignoring_inline_asm
