main.c:127:6:Flash_clear	40	static
main.c:146:6:Flash_clear2	40	static
main.c:167:11:Flash_load	8	static
main.c:172:11:Flash_load2	8	static
main.c:177:6:Flash_store	32	static
main.c:204:6:Flash_store2	32	static
main.c:244:1:__io_putchar	16	static
main.c:248:6:HAL_ADC_ConvCpltCallback	16	static
main.c:250:6:error	8	static
main.c:256:6:stop	8	static
main.c:266:6:sensGet	16	static
main.c:292:6:LED	16	static
main.c:338:6:ADCinit	120	static
main.c:383:6:init	88	static
main.c:423:6:MotorCtrl	32	static
main.c:448:6:SpeedCtrl	40	static
main.c:473:7:speedget	24	static
main.c:490:6:Motor	16	static
main.c:514:6:tuning	16	static
main.c:647:6:sidemaker	8	static
main.c:657:7:calc_angle	24	static
main.c:668:6:off_angle	24	static
main.c:685:5:angle_Control	40	static
main.c:698:5:mode	16	static
main.c:743:6:HAL_TIM_PeriodElapsedCallback	16	static
main.c:758:5:main	16	static
main.c:861:6:SystemClock_Config	88	static
main.c:905:13:MX_ADC1_Init	24	static
main.c:1051:13:MX_I2C1_Init	8	static
main.c:1085:13:MX_SPI3_Init	8	static
main.c:1123:13:MX_TIM1_Init	56	static
main.c:1173:13:MX_TIM3_Init	56	static
main.c:1222:13:MX_TIM4_Init	48	static
main.c:1271:13:MX_TIM6_Init	16	static
main.c:1309:13:MX_TIM8_Init	80	static
main.c:1373:13:MX_USART6_UART_Init	8	static
main.c:1404:13:MX_DMA_Init	16	static
main.c:1422:13:MX_GPIO_Init	48	static
main.c:1491:6:Error_Handler	4	static,ignoring_inline_asm
