main.c:152:1:__io_putchar	16	static
main.c:156:6:HAL_ADC_ConvCpltCallback	16	static
main.c:161:6:init	88	static
main.c:208:6:log_Calcu	32	static
main.c:222:6:sidemaker	8	static
main.c:237:5:angle_Control	40	static
main.c:250:5:mode	24	static
main.c:337:6:HAL_TIM_PeriodElapsedCallback	16	static
main.c:358:5:main	24	static
main.c:445:6:SystemClock_Config	88	static
main.c:489:13:MX_ADC1_Init	24	static
main.c:635:13:MX_I2C1_Init	8	static
main.c:669:13:MX_SPI3_Init	8	static
main.c:707:13:MX_TIM1_Init	56	static
main.c:757:13:MX_TIM3_Init	56	static
main.c:806:13:MX_TIM4_Init	48	static
main.c:855:13:MX_TIM6_Init	16	static
main.c:893:13:MX_TIM7_Init	16	static
main.c:931:13:MX_TIM8_Init	80	static
main.c:995:13:MX_USART6_UART_Init	8	static
main.c:1026:13:MX_DMA_Init	16	static
main.c:1044:13:MX_GPIO_Init	48	static
main.c:1113:6:Error_Handler	4	static,ignoring_inline_asm
