main.c:157:1:__io_putchar	16	static
main.c:161:6:HAL_ADC_ConvCpltCallback	16	static
main.c:166:6:init	88	static
main.c:215:5:log_Calcu	40	static
main.c:231:6:sidemaker	8	static
main.c:243:6:driv_Log	16	static
main.c:250:6:driv_log	8	static
main.c:279:6:angle_Control	40	static
main.c:292:5:mode	32	static
main.c:407:6:HAL_TIM_PeriodElapsedCallback	16	static
main.c:424:5:main	8	static
main.c:502:6:SystemClock_Config	88	static
main.c:546:13:MX_ADC1_Init	24	static
main.c:692:13:MX_I2C1_Init	8	static
main.c:726:13:MX_SPI3_Init	8	static
main.c:764:13:MX_TIM1_Init	56	static
main.c:814:13:MX_TIM3_Init	56	static
main.c:863:13:MX_TIM4_Init	48	static
main.c:912:13:MX_TIM6_Init	16	static
main.c:950:13:MX_TIM7_Init	16	static
main.c:988:13:MX_TIM8_Init	80	static
main.c:1052:13:MX_USART6_UART_Init	8	static
main.c:1083:13:MX_DMA_Init	16	static
main.c:1101:13:MX_GPIO_Init	48	static
main.c:1170:6:Error_Handler	4	static,ignoring_inline_asm
