main.c:155:1:__io_putchar	16	static
main.c:159:6:HAL_ADC_ConvCpltCallback	16	static
main.c:164:6:init	88	static
main.c:212:5:log_Calcu	40	static
main.c:229:6:sidemaker	8	static
main.c:242:6:driv_log	8	static
main.c:271:5:angle_Control	40	static
main.c:284:5:mode	40	static
main.c:392:6:HAL_TIM_PeriodElapsedCallback	16	static
main.c:409:5:main	8	static
main.c:486:6:SystemClock_Config	88	static
main.c:530:13:MX_ADC1_Init	24	static
main.c:676:13:MX_I2C1_Init	8	static
main.c:710:13:MX_SPI3_Init	8	static
main.c:748:13:MX_TIM1_Init	56	static
main.c:798:13:MX_TIM3_Init	56	static
main.c:847:13:MX_TIM4_Init	48	static
main.c:896:13:MX_TIM6_Init	16	static
main.c:934:13:MX_TIM7_Init	16	static
main.c:972:13:MX_TIM8_Init	80	static
main.c:1036:13:MX_USART6_UART_Init	8	static
main.c:1067:13:MX_DMA_Init	16	static
main.c:1085:13:MX_GPIO_Init	48	static
main.c:1154:6:Error_Handler	4	static,ignoring_inline_asm
