main.c:167:1:__io_putchar	16	static
main.c:171:6:HAL_ADC_ConvCpltCallback	16	static
main.c:176:6:init	88	static
main.c:224:5:log_Speed	24	static
main.c:237:6:log_Cal	40	static
main.c:260:6:sidemaker	8	static
main.c:273:6:driv_Log	16	static
main.c:281:6:driv_log	16	static
main.c:310:6:angle_Control	40	static
main.c:323:5:mode	24	static
main.c:463:6:HAL_TIM_PeriodElapsedCallback	16	static
main.c:480:5:main	8	static
main.c:558:6:SystemClock_Config	88	static
main.c:602:13:MX_ADC1_Init	24	static
main.c:748:13:MX_I2C1_Init	8	static
main.c:782:13:MX_SPI3_Init	8	static
main.c:820:13:MX_TIM1_Init	56	static
main.c:870:13:MX_TIM3_Init	56	static
main.c:919:13:MX_TIM4_Init	48	static
main.c:968:13:MX_TIM6_Init	16	static
main.c:1006:13:MX_TIM7_Init	16	static
main.c:1044:13:MX_TIM8_Init	80	static
main.c:1108:13:MX_USART6_UART_Init	8	static
main.c:1139:13:MX_DMA_Init	16	static
main.c:1157:13:MX_GPIO_Init	48	static
main.c:1226:6:Error_Handler	4	static,ignoring_inline_asm
